# RA-3 physics log
   0,00  === INIT === addrs: kontr=91D5B05 loc_ptr=74AEA0 rev_ptr=74B28C spd_ptr=74B41C
   0,00  === PHYSICS ON ===
   0,00  === WRITE TO LOC36 ENABLED ===
   0,00  === RA3 BOOSTER ON === scale=0,0080 limit=120
   9,27  k=  0 v=   0,00 rev=  0 | rpm= 788,1 Mo=      0,0 F=       0,0 | silat before=       0,0 want=       0,0 after=       0,0 | y_gt=0,000 y_gm=0,000 y_gb=0,000 gt_mode=F write=T | F_adh= 138321,0 slip=F sand=F
  10,22  k=  0 v=   0,00 rev=  0 | rpm= 800,1 Mo=      0,0 F=       0,0 | silat before=       0,0 want=       0,0 after=       0,0 | y_gt=0,000 y_gm=0,000 y_gb=0,000 gt_mode=F write=T | F_adh= 138321,0 slip=F sand=F
  10,36  k=  0 v=   0,00 rev=  0 | rpm= 803,3 Mo=      0,0 F=       0,0 | silat before=       0,0 want=       0,0 after=       0,0 | y_gt=0,000 y_gm=0,000 y_gb=0,000 gt_mode=F write=T | F_adh= 138321,0 slip=F sand=F
  10,47  k=  0 v=   0,00 rev=  0 | rpm= 798,2 Mo=      0,0 F=       0,0 | silat before=       0,0 want=       0,0 after=       0,0 | y_gt=0,000 y_gm=0,000 y_gb=0,000 gt_mode=F write=T | F_adh= 138321,0 slip=F sand=F
  10,58  k=  0 v=   0,00 rev=  0 | rpm= 799,1 Mo=      0,0 F=       0,0 | silat before=       0,0 want=       0,0 after=       0,0 | y_gt=0,000 y_gm=0,000 y_gb=0,000 gt_mode=F write=T | F_adh= 138321,0 slip=F sand=F
  11,86  k=  0 v=   0,00 rev=  0 | rpm= 800,6 Mo=      0,0 F=       0,0 | silat before=       0,0 want=       0,0 after=       0,0 | y_gt=0,000 y_gm=0,000 y_gb=0,000 gt_mode=F write=T | F_adh= 138321,0 slip=F sand=F
  12,00  k=  0 v=   0,00 rev=  0 | rpm= 799,7 Mo=      0,0 F=       0,0 | silat before=       0,0 want=       0,0 after=       0,0 | y_gt=0,000 y_gm=0,000 y_gb=0,000 gt_mode=F write=T | F_adh= 138321,0 slip=F sand=F
  12,11  k=  0 v=   0,00 rev=  0 | rpm= 799,9 Mo=      0,0 F=       0,0 | silat before=       0,0 want=       0,0 after=       0,0 | y_gt=0,000 y_gm=0,000 y_gb=0,000 gt_mode=F write=T | F_adh= 138321,0 slip=F sand=F
  12,22  k=  0 v=   0,00 rev=  0 | rpm= 800,1 Mo=      0,0 F=       0,0 | silat before=       0,0 want=       0,0 after=       0,0 | y_gt=0,000 y_gm=0,000 y_gb=0,000 gt_mode=F write=T | F_adh= 138321,0 slip=F sand=F
  12,33  k=  0 v=   0,00 rev=  0 | rpm= 800,0 Mo=      0,0 F=       0,0 | silat before=       0,0 want=       0,0 after=       0,0 | y_gt=0,000 y_gm=0,000 y_gb=0,000 gt_mode=F write=T | F_adh= 138321,0 slip=F sand=F
  12,44  k=  0 v=   0,00 rev=  0 | rpm= 799,9 Mo=      0,0 F=       0,0 | silat before=       0,0 want=       0,0 after=       0,0 | y_gt=0,000 y_gm=0,000 y_gb=0,000 gt_mode=F write=T | F_adh= 193649,4 slip=F sand=T
  12,55  k=  0 v=   0,00 rev=  0 | rpm= 800,0 Mo=      0,0 F=       0,0 | silat before=       0,0 want=       0,0 after=       0,0 | y_gt=0,000 y_gm=0,000 y_gb=0,000 gt_mode=F write=T | F_adh= 138321,0 slip=F sand=F
  12,66  k=  0 v=   0,00 rev=  0 | rpm= 800,0 Mo=      0,0 F=       0,0 | silat before=       0,0 want=       0,0 after=       0,0 | y_gt=0,000 y_gm=0,000 y_gb=0,000 gt_mode=F write=T | F_adh= 138321,0 slip=F sand=F
  12,77  k=  0 v=   0,00 rev=  0 | rpm= 800,0 Mo=      0,0 F=       0,0 | silat before=       0,0 want=       0,0 after=       0,0 | y_gt=0,000 y_gm=0,000 y_gb=0,000 gt_mode=F write=T | F_adh= 138321,0 slip=F sand=F
  12,88  k=  0 v=   0,00 rev=  0 | rpm= 800,0 Mo=      0,0 F=       0,0 | silat before=       0,0 want=       0,0 after=       0,0 | y_gt=0,000 y_gm=0,000 y_gb=0,000 gt_mode=F write=T | F_adh= 138321,0 slip=F sand=F
  12,98  k=  0 v=   0,00 rev=  0 | rpm= 800,0 Mo=      0,0 F=       0,0 | silat before=       0,0 want=       0,0 after=       0,0 | y_gt=0,000 y_gm=0,000 y_gb=0,000 gt_mode=F write=T | F_adh= 138321,0 slip=F sand=F
  13,09  k=  0 v=   0,00 rev=  0 | rpm= 800,0 Mo=      0,0 F=       0,0 | silat before=       0,0 want=       0,0 after=       0,0 | y_gt=0,000 y_gm=0,000 y_gb=0,000 gt_mode=F write=T | F_adh= 138321,0 slip=F sand=F
  13,20  k=  0 v=   0,00 rev=  0 | rpm= 800,0 Mo=      0,0 F=       0,0 | silat before=       0,0 want=       0,0 after=       0,0 | y_gt=0,000 y_gm=0,000 y_gb=0,000 gt_mode=F write=T | F_adh= 138321,0 slip=F sand=F
  13,31  k=  0 v=   0,00 rev=  0 | rpm= 800,0 Mo=      0,0 F=       0,0 | silat before=       0,0 want=       0,0 after=       0,0 | y_gt=0,000 y_gm=0,000 y_gb=0,000 gt_mode=F write=T | F_adh= 138321,0 slip=F sand=F
  13,42  k=  0 v=   0,00 rev=  0 | rpm= 800,0 Mo=      0,0 F=       0,0 | silat before=       0,0 want=       0,0 after=       0,0 | y_gt=0,000 y_gm=0,000 y_gb=0,000 gt_mode=F write=T | F_adh= 138321,0 slip=F sand=F
  13,53  k=  0 v=   0,00 rev=  0 | rpm= 800,0 Mo=      0,0 F=       0,0 | silat before=       0,0 want=       0,0 after=       0,0 | y_gt=0,000 y_gm=0,000 y_gb=0,000 gt_mode=F write=T | F_adh= 138321,0 slip=F sand=F
  13,64  k=  0 v=   0,00 rev=  0 | rpm= 800,0 Mo=      0,0 F=       0,0 | silat before=       0,0 want=       0,0 after=       0,0 | y_gt=0,000 y_gm=0,000 y_gb=0,000 gt_mode=F write=T | F_adh= 138321,0 slip=F sand=F
  13,75  k=  0 v=   0,00 rev=  0 | rpm= 800,0 Mo=      0,0 F=       0,0 | silat before=       0,0 want=       0,0 after=       0,0 | y_gt=0,000 y_gm=0,000 y_gb=0,000 gt_mode=F write=T | F_adh= 138321,0 slip=F sand=F
  13,86  k=  0 v=   0,00 rev=  0 | rpm= 800,0 Mo=      0,0 F=       0,0 | silat before=       0,0 want=       0,0 after=       0,0 | y_gt=0,000 y_gm=0,000 y_gb=0,000 gt_mode=F write=T | F_adh= 138321,0 slip=F sand=F
  14,00  k=  0 v=   0,00 rev=  0 | rpm= 800,0 Mo=      0,0 F=       0,0 | silat before=       0,0 want=       0,0 after=       0,0 | y_gt=0,000 y_gm=0,000 y_gb=0,000 gt_mode=F write=T | F_adh= 138321,0 slip=F sand=F
  14,11  k=  0 v=   0,00 rev=  0 | rpm= 800,0 Mo=      0,0 F=       0,0 | silat before=       0,0 want=       0,0 after=       0,0 | y_gt=0,000 y_gm=0,000 y_gb=0,000 gt_mode=F write=T | F_adh= 138321,0 slip=F sand=F
  14,22  k=  0 v=   0,00 rev=  0 | rpm= 800,0 Mo=      0,0 F=       0,0 | silat before=       0,0 want=       0,0 after=       0,0 | y_gt=0,000 y_gm=0,000 y_gb=0,000 gt_mode=F write=T | F_adh= 138321,0 slip=F sand=F
  14,33  k=  0 v=   0,00 rev=  0 | rpm= 800,0 Mo=      0,0 F=       0,0 | silat before=       0,0 want=       0,0 after=       0,0 | y_gt=0,000 y_gm=0,000 y_gb=0,000 gt_mode=F write=T | F_adh= 138321,0 slip=F sand=F
  14,44  k=  0 v=   0,00 rev=  0 | rpm= 800,0 Mo=      0,0 F=       0,0 | silat before=       0,0 want=       0,0 after=       0,0 | y_gt=0,000 y_gm=0,000 y_gb=0,000 gt_mode=F write=T | F_adh= 138321,0 slip=F sand=F
  14,55  k=  0 v=   0,00 rev=  0 | rpm= 800,0 Mo=      0,0 F=       0,0 | silat before=       0,0 want=       0,0 after=       0,0 | y_gt=0,000 y_gm=0,000 y_gb=0,000 gt_mode=F write=T | F_adh= 138321,0 slip=F sand=F
  14,66  k=  0 v=   0,00 rev=  0 | rpm= 800,0 Mo=      0,0 F=       0,0 | silat before=       0,0 want=       0,0 after=       0,0 | y_gt=0,000 y_gm=0,000 y_gb=0,000 gt_mode=F write=T | F_adh= 138321,0 slip=F sand=F
  14,77  k=  0 v=   0,00 rev=  0 | rpm= 800,0 Mo=      0,0 F=       0,0 | silat before=       0,0 want=       0,0 after=       0,0 | y_gt=0,000 y_gm=0,000 y_gb=0,000 gt_mode=F write=T | F_adh= 138321,0 slip=F sand=F
  14,88  k=  0 v=   0,00 rev=  0 | rpm= 800,0 Mo=      0,0 F=       0,0 | silat before=       0,0 want=       0,0 after=       0,0 | y_gt=0,000 y_gm=0,000 y_gb=0,000 gt_mode=F write=T | F_adh= 138321,0 slip=F sand=F
  14,98  k=  0 v=   0,00 rev=  0 | rpm= 800,0 Mo=      0,0 F=       0,0 | silat before=       0,0 want=       0,0 after=       0,0 | y_gt=0,000 y_gm=0,000 y_gb=0,000 gt_mode=F write=T | F_adh= 138321,0 slip=F sand=F
  15,09  k=  0 v=   0,00 rev=  0 | rpm= 800,0 Mo=      0,0 F=       0,0 | silat before=       0,0 want=       0,0 after=       0,0 | y_gt=0,000 y_gm=0,000 y_gb=0,000 gt_mode=F write=T | F_adh= 138321,0 slip=F sand=F
  15,20  k=  0 v=   0,00 rev=  0 | rpm= 800,0 Mo=      0,0 F=       0,0 | silat before=       0,0 want=       0,0 after=       0,0 | y_gt=0,000 y_gm=0,000 y_gb=0,000 gt_mode=F write=T | F_adh= 138321,0 slip=F sand=F
  15,31  k=  0 v=   0,00 rev=  0 | rpm= 800,0 Mo=      0,0 F=       0,0 | silat before=       0,0 want=       0,0 after=       0,0 | y_gt=0,000 y_gm=0,000 y_gb=0,000 gt_mode=F write=T | F_adh= 138321,0 slip=F sand=F
  15,42  k=  0 v=   0,00 rev=  0 | rpm= 800,0 Mo=      0,0 F=       0,0 | silat before=       0,0 want=       0,0 after=       0,0 | y_gt=0,000 y_gm=0,000 y_gb=0,000 gt_mode=F write=T | F_adh= 138321,0 slip=F sand=F
  15,53  k=  0 v=   0,00 rev=  0 | rpm= 800,0 Mo=      0,0 F=       0,0 | silat before=       0,0 want=       0,0 after=       0,0 | y_gt=0,000 y_gm=0,000 y_gb=0,000 gt_mode=F write=T | F_adh= 138321,0 slip=F sand=F
  15,64  k=  0 v=   0,00 rev=  0 | rpm= 800,0 Mo=      0,0 F=       0,0 | silat before=       0,0 want=       0,0 after=       0,0 | y_gt=0,000 y_gm=0,000 y_gb=0,000 gt_mode=F write=T | F_adh= 138321,0 slip=F sand=F
  15,75  k=  0 v=   0,00 rev=  0 | rpm= 800,0 Mo=      0,0 F=       0,0 | silat before=       0,0 want=       0,0 after=       0,0 | y_gt=0,000 y_gm=0,000 y_gb=0,000 gt_mode=F write=T | F_adh= 138321,0 slip=F sand=F
  15,86  k=  0 v=   0,00 rev=  0 | rpm= 800,0 Mo=      0,0 F=       0,0 | silat before=       0,0 want=       0,0 after=       0,0 | y_gt=0,000 y_gm=0,000 y_gb=0,000 gt_mode=F write=T | F_adh= 138321,0 slip=F sand=F
  16,00  k=  0 v=   0,00 rev=  0 | rpm= 800,0 Mo=      0,0 F=       0,0 | silat before=       0,0 want=       0,0 after=       0,0 | y_gt=0,000 y_gm=0,000 y_gb=0,000 gt_mode=F write=T | F_adh= 138321,0 slip=F sand=F
  16,11  k=  0 v=   0,00 rev=  0 | rpm= 800,0 Mo=      0,0 F=       0,0 | silat before=       0,0 want=       0,0 after=       0,0 | y_gt=0,000 y_gm=0,000 y_gb=0,000 gt_mode=F write=T | F_adh= 138321,0 slip=F sand=F
  16,22  k=  0 v=   0,00 rev=  0 | rpm= 800,0 Mo=      0,0 F=       0,0 | silat before=       0,0 want=       0,0 after=       0,0 | y_gt=0,000 y_gm=0,000 y_gb=0,000 gt_mode=F write=T | F_adh= 138321,0 slip=F sand=F
  16,33  k=  0 v=   0,00 rev=  0 | rpm= 800,0 Mo=      0,0 F=       0,0 | silat before=       0,0 want=       0,0 after=       0,0 | y_gt=0,000 y_gm=0,000 y_gb=0,000 gt_mode=F write=T | F_adh= 138321,0 slip=F sand=F
  16,44  k=  0 v=   0,00 rev=  0 | rpm= 800,0 Mo=      0,0 F=       0,0 | silat before=       0,0 want=       0,0 after=       0,0 | y_gt=0,000 y_gm=0,000 y_gb=0,000 gt_mode=F write=T | F_adh= 138321,0 slip=F sand=F
  16,55  k=  0 v=   0,00 rev=  0 | rpm= 800,0 Mo=      0,0 F=       0,0 | silat before=       0,0 want=       0,0 after=       0,0 | y_gt=0,000 y_gm=0,000 y_gb=0,000 gt_mode=F write=T | F_adh= 138321,0 slip=F sand=F
  16,66  k=  0 v=   0,00 rev=  0 | rpm= 800,0 Mo=      0,0 F=       0,0 | silat before=       0,0 want=       0,0 after=       0,0 | y_gt=0,000 y_gm=0,000 y_gb=0,000 gt_mode=F write=T | F_adh= 138321,0 slip=F sand=F
  16,77  k=  0 v=   0,00 rev=  0 | rpm= 800,0 Mo=      0,0 F=       0,0 | silat before=       0,0 want=       0,0 after=       0,0 | y_gt=0,000 y_gm=0,000 y_gb=0,000 gt_mode=F write=T | F_adh= 138321,0 slip=F sand=F
  16,88  k=  0 v=   0,00 rev=  0 | rpm= 800,0 Mo=      0,0 F=       0,0 | silat before=       0,0 want=       0,0 after=       0,0 | y_gt=0,000 y_gm=0,000 y_gb=0,000 gt_mode=F write=T | F_adh= 138321,0 slip=F sand=F
  16,98  k=  0 v=   0,00 rev=  0 | rpm= 800,0 Mo=      0,0 F=       0,0 | silat before=       0,0 want=       0,0 after=       0,0 | y_gt=0,000 y_gm=0,000 y_gb=0,000 gt_mode=F write=T | F_adh= 138321,0 slip=F sand=F
  17,09  k=  0 v=   0,00 rev=  0 | rpm= 800,0 Mo=      0,0 F=       0,0 | silat before=       0,0 want=       0,0 after=       0,0 | y_gt=0,000 y_gm=0,000 y_gb=0,000 gt_mode=F write=T | F_adh= 138321,0 slip=F sand=F
  17,20  k=  0 v=   0,00 rev=  0 | rpm= 800,0 Mo=      0,0 F=       0,0 | silat before=       0,0 want=       0,0 after=       0,0 | y_gt=0,000 y_gm=0,000 y_gb=0,000 gt_mode=F write=T | F_adh= 138321,0 slip=F sand=F
  17,31  k=  0 v=   0,00 rev=  0 | rpm= 800,0 Mo=      0,0 F=       0,0 | silat before=       0,0 want=       0,0 after=       0,0 | y_gt=0,000 y_gm=0,000 y_gb=0,000 gt_mode=F write=T | F_adh= 138321,0 slip=F sand=F
  17,42  k=  0 v=   0,00 rev=  0 | rpm= 800,0 Mo=      0,0 F=       0,0 | silat before=       0,0 want=       0,0 after=       0,0 | y_gt=0,000 y_gm=0,000 y_gb=0,000 gt_mode=F write=T | F_adh= 138321,0 slip=F sand=F
  17,53  k=  0 v=   0,00 rev=  0 | rpm= 800,0 Mo=      0,0 F=       0,0 | silat before=       0,0 want=       0,0 after=       0,0 | y_gt=0,000 y_gm=0,000 y_gb=0,000 gt_mode=F write=T | F_adh= 138321,0 slip=F sand=F
  17,64  k=  0 v=   0,00 rev=  0 | rpm= 800,0 Mo=      0,0 F=       0,0 | silat before=       0,0 want=       0,0 after=       0,0 | y_gt=0,000 y_gm=0,000 y_gb=0,000 gt_mode=F write=T | F_adh= 138321,0 slip=F sand=F
  17,75  k=  0 v=   0,00 rev=  0 | rpm= 800,0 Mo=      0,0 F=       0,0 | silat before=       0,0 want=       0,0 after=       0,0 | y_gt=0,000 y_gm=0,000 y_gb=0,000 gt_mode=F write=T | F_adh= 138321,0 slip=F sand=F
  17,86  k=  0 v=   0,00 rev=  0 | rpm= 800,0 Mo=      0,0 F=       0,0 | silat before=       0,0 want=       0,0 after=       0,0 | y_gt=0,000 y_gm=0,000 y_gb=0,000 gt_mode=F write=T | F_adh= 138321,0 slip=F sand=F
  18,00  k=  0 v=   0,00 rev=  0 | rpm= 800,0 Mo=      0,0 F=       0,0 | silat before=       0,0 want=       0,0 after=       0,0 | y_gt=0,000 y_gm=0,000 y_gb=0,000 gt_mode=F write=T | F_adh= 138321,0 slip=F sand=F
  18,11  k=  0 v=   0,00 rev=  0 | rpm= 800,0 Mo=      0,0 F=       0,0 | silat before=       0,0 want=       0,0 after=       0,0 | y_gt=0,000 y_gm=0,000 y_gb=0,000 gt_mode=F write=T | F_adh= 138321,0 slip=F sand=F
  18,22  k=  0 v=   0,00 rev=  0 | rpm= 800,0 Mo=      0,0 F=       0,0 | silat before=       0,0 want=       0,0 after=       0,0 | y_gt=0,000 y_gm=0,000 y_gb=0,000 gt_mode=F write=T | F_adh= 138321,0 slip=F sand=F
  18,33  k=  0 v=   0,00 rev=  0 | rpm= 800,0 Mo=      0,0 F=       0,0 | silat before=       0,0 want=       0,0 after=       0,0 | y_gt=0,000 y_gm=0,000 y_gb=0,000 gt_mode=F write=T | F_adh= 138321,0 slip=F sand=F
  18,44  k=  0 v=   0,00 rev=  0 | rpm= 800,0 Mo=      0,0 F=       0,0 | silat before=       0,0 want=       0,0 after=       0,0 | y_gt=0,000 y_gm=0,000 y_gb=0,000 gt_mode=F write=T | F_adh= 138321,0 slip=F sand=F
  18,55  k=  0 v=   0,00 rev=  0 | rpm= 800,0 Mo=      0,0 F=       0,0 | silat before=       0,0 want=       0,0 after=       0,0 | y_gt=0,000 y_gm=0,000 y_gb=0,000 gt_mode=F write=T | F_adh= 138321,0 slip=F sand=F
  18,66  k=  0 v=   0,00 rev=  0 | rpm= 800,0 Mo=      0,0 F=       0,0 | silat before=       0,0 want=       0,0 after=       0,0 | y_gt=0,000 y_gm=0,000 y_gb=0,000 gt_mode=F write=T | F_adh= 138321,0 slip=F sand=F
  18,77  k=  0 v=   0,00 rev=  0 | rpm= 800,0 Mo=      0,0 F=       0,0 | silat before=       0,0 want=       0,0 after=       0,0 | y_gt=0,000 y_gm=0,000 y_gb=0,000 gt_mode=F write=T | F_adh= 138321,0 slip=F sand=F
  18,88  k=  0 v=   0,00 rev=  0 | rpm= 800,0 Mo=      0,0 F=       0,0 | silat before=       0,0 want=       0,0 after=       0,0 | y_gt=0,000 y_gm=0,000 y_gb=0,000 gt_mode=F write=T | F_adh= 138321,0 slip=F sand=F
  18,98  k=  0 v=   0,00 rev=  0 | rpm= 800,0 Mo=      0,0 F=       0,0 | silat before=       0,0 want=       0,0 after=       0,0 | y_gt=0,000 y_gm=0,000 y_gb=0,000 gt_mode=F write=T | F_adh= 138321,0 slip=F sand=F
  19,09  k=  0 v=   0,00 rev=  0 | rpm= 800,0 Mo=      0,0 F=       0,0 | silat before=       0,0 want=       0,0 after=       0,0 | y_gt=0,000 y_gm=0,000 y_gb=0,000 gt_mode=F write=T | F_adh= 138321,0 slip=F sand=F
  19,20  k=  0 v=   0,00 rev=  0 | rpm= 800,0 Mo=      0,0 F=       0,0 | silat before=       0,0 want=       0,0 after=       0,0 | y_gt=0,000 y_gm=0,000 y_gb=0,000 gt_mode=F write=T | F_adh= 138321,0 slip=F sand=F
  19,31  k=  0 v=   0,00 rev=  0 | rpm= 800,0 Mo=      0,0 F=       0,0 | silat before=       0,0 want=       0,0 after=       0,0 | y_gt=0,000 y_gm=0,000 y_gb=0,000 gt_mode=F write=T | F_adh= 138321,0 slip=F sand=F
  19,42  k=  0 v=   0,00 rev=  0 | rpm= 800,0 Mo=      0,0 F=       0,0 | silat before=       0,0 want=       0,0 after=       0,0 | y_gt=0,000 y_gm=0,000 y_gb=0,000 gt_mode=F write=T | F_adh= 138321,0 slip=F sand=F
  19,53  k=  0 v=   0,00 rev=  0 | rpm= 800,0 Mo=      0,0 F=       0,0 | silat before=       0,0 want=       0,0 after=       0,0 | y_gt=0,000 y_gm=0,000 y_gb=0,000 gt_mode=F write=T | F_adh= 138321,0 slip=F sand=F
  19,64  k=  0 v=   0,00 rev=  0 | rpm= 800,0 Mo=      0,0 F=       0,0 | silat before=       0,0 want=       0,0 after=       0,0 | y_gt=0,000 y_gm=0,000 y_gb=0,000 gt_mode=F write=T | F_adh= 138321,0 slip=F sand=F
  19,75  k=  0 v=   0,00 rev=  0 | rpm= 800,0 Mo=      0,0 F=       0,0 | silat before=       0,0 want=       0,0 after=       0,0 | y_gt=0,000 y_gm=0,000 y_gb=0,000 gt_mode=F write=T | F_adh= 138321,0 slip=F sand=F
  19,86  k=  0 v=   0,00 rev=  0 | rpm= 800,0 Mo=      0,0 F=       0,0 | silat before=       0,0 want=       0,0 after=       0,0 | y_gt=0,000 y_gm=0,000 y_gb=0,000 gt_mode=F write=T | F_adh= 138321,0 slip=F sand=F
  20,00  k=  0 v=   0,00 rev=  0 | rpm= 800,0 Mo=      0,0 F=       0,0 | silat before=       0,0 want=       0,0 after=       0,0 | y_gt=0,000 y_gm=0,000 y_gb=0,000 gt_mode=F write=T | F_adh= 138321,0 slip=F sand=F
  20,11  k=  0 v=   0,00 rev=  0 | rpm= 800,0 Mo=      0,0 F=       0,0 | silat before=       0,0 want=       0,0 after=       0,0 | y_gt=0,000 y_gm=0,000 y_gb=0,000 gt_mode=F write=T | F_adh= 138321,0 slip=F sand=F
  20,22  k=  0 v=   0,00 rev=  0 | rpm= 800,0 Mo=      0,0 F=       0,0 | silat before=       0,0 want=       0,0 after=       0,0 | y_gt=0,000 y_gm=0,000 y_gb=0,000 gt_mode=F write=T | F_adh= 138321,0 slip=F sand=F
  20,33  k=  0 v=   0,00 rev=  0 | rpm= 800,0 Mo=      0,0 F=       0,0 | silat before=       0,0 want=       0,0 after=       0,0 | y_gt=0,000 y_gm=0,000 y_gb=0,000 gt_mode=F write=T | F_adh= 138321,0 slip=F sand=F
  20,45  k=  0 v=   0,00 rev=  0 | rpm= 800,0 Mo=      0,0 F=       0,0 | silat before=       0,0 want=       0,0 after=       0,0 | y_gt=0,000 y_gm=0,000 y_gb=0,000 gt_mode=F write=T | F_adh= 138321,0 slip=F sand=F
  20,55  k=  0 v=   0,00 rev=  0 | rpm= 800,0 Mo=      0,0 F=       0,0 | silat before=       0,0 want=       0,0 after=       0,0 | y_gt=0,000 y_gm=0,000 y_gb=0,000 gt_mode=F write=T | F_adh= 138321,0 slip=F sand=F
  20,66  k=  0 v=   0,00 rev=  0 | rpm= 800,0 Mo=      0,0 F=       0,0 | silat before=       0,0 want=       0,0 after=       0,0 | y_gt=0,000 y_gm=0,000 y_gb=0,000 gt_mode=F write=T | F_adh= 138321,0 slip=F sand=F
  20,77  k=  0 v=   0,00 rev=  0 | rpm= 800,0 Mo=      0,0 F=       0,0 | silat before=       0,0 want=       0,0 after=       0,0 | y_gt=0,000 y_gm=0,000 y_gb=0,000 gt_mode=F write=T | F_adh= 138321,0 slip=F sand=F
  20,88  k=  0 v=   0,00 rev=  0 | rpm= 800,0 Mo=      0,0 F=       0,0 | silat before=       0,0 want=       0,0 after=       0,0 | y_gt=0,000 y_gm=0,000 y_gb=0,000 gt_mode=F write=T | F_adh= 138321,0 slip=F sand=F
  20,98  k=  0 v=   0,00 rev=  0 | rpm= 800,0 Mo=      0,0 F=       0,0 | silat before=       0,0 want=       0,0 after=       0,0 | y_gt=0,000 y_gm=0,000 y_gb=0,000 gt_mode=F write=T | F_adh= 138321,0 slip=F sand=F
  21,09  k=  0 v=   0,00 rev=  0 | rpm= 800,0 Mo=      0,0 F=       0,0 | silat before=       0,0 want=       0,0 after=       0,0 | y_gt=0,000 y_gm=0,000 y_gb=0,000 gt_mode=F write=T | F_adh= 138321,0 slip=F sand=F
  21,20  k=  0 v=   0,00 rev=  0 | rpm= 800,0 Mo=      0,0 F=       0,0 | silat before=       0,0 want=       0,0 after=       0,0 | y_gt=0,000 y_gm=0,000 y_gb=0,000 gt_mode=F write=T | F_adh= 138321,0 slip=F sand=F
  21,38  k=  0 v=   0,00 rev=  0 | rpm= 800,0 Mo=      0,0 F=       0,0 | silat before=       0,0 want=       0,0 after=       0,0 | y_gt=0,000 y_gm=0,000 y_gb=0,000 gt_mode=F write=T | F_adh= 138321,0 slip=F sand=F
  21,48  k=  0 v=   0,00 rev=  0 | rpm= 800,0 Mo=      0,0 F=       0,0 | silat before=       0,0 want=       0,0 after=       0,0 | y_gt=0,000 y_gm=0,000 y_gb=0,000 gt_mode=F write=T | F_adh= 138321,0 slip=F sand=F
  21,59  k=  0 v=   0,00 rev=  0 | rpm= 800,0 Mo=      0,0 F=       0,0 | silat before=       0,0 want=       0,0 after=       0,0 | y_gt=0,000 y_gm=0,000 y_gb=0,000 gt_mode=F write=T | F_adh= 138321,0 slip=F sand=F
  21,70  k=  0 v=   0,00 rev=  0 | rpm= 800,0 Mo=      0,0 F=       0,0 | silat before=       0,0 want=       0,0 after=       0,0 | y_gt=0,000 y_gm=0,000 y_gb=0,000 gt_mode=F write=T | F_adh= 138321,0 slip=F sand=F
  21,81  k=  0 v=   0,00 rev=  0 | rpm= 800,0 Mo=      0,0 F=       0,0 | silat before=       0,0 want=       0,0 after=       0,0 | y_gt=0,000 y_gm=0,000 y_gb=0,000 gt_mode=F write=T | F_adh= 138321,0 slip=F sand=F
  21,92  k=  0 v=   0,00 rev=  0 | rpm= 800,0 Mo=      0,0 F=       0,0 | silat before=       0,0 want=       0,0 after=       0,0 | y_gt=0,000 y_gm=0,000 y_gb=0,000 gt_mode=F write=T | F_adh= 138321,0 slip=F sand=F
  22,03  k=  0 v=   0,00 rev=  0 | rpm= 800,0 Mo=      0,0 F=       0,0 | silat before=       0,0 want=       0,0 after=       0,0 | y_gt=0,000 y_gm=0,000 y_gb=0,000 gt_mode=F write=T | F_adh= 138321,0 slip=F sand=F
  22,14  k=  0 v=   0,00 rev=  0 | rpm= 800,0 Mo=      0,0 F=       0,0 | silat before=       0,0 want=       0,0 after=       0,0 | y_gt=0,000 y_gm=0,000 y_gb=0,000 gt_mode=F write=T | F_adh= 138321,0 slip=F sand=F
  22,25  k=  0 v=   0,00 rev=  0 | rpm= 800,0 Mo=      0,0 F=       0,0 | silat before=       0,0 want=       0,0 after=       0,0 | y_gt=0,000 y_gm=0,000 y_gb=0,000 gt_mode=F write=T | F_adh= 138321,0 slip=F sand=F
  22,36  k=  0 v=   0,00 rev=  0 | rpm= 800,0 Mo=      0,0 F=       0,0 | silat before=       0,0 want=       0,0 after=       0,0 | y_gt=0,000 y_gm=0,000 y_gb=0,000 gt_mode=F write=T | F_adh= 138321,0 slip=F sand=F
  22,47  k=  0 v=   0,00 rev=  0 | rpm= 800,0 Mo=      0,0 F=       0,0 | silat before=       0,0 want=       0,0 after=       0,0 | y_gt=0,000 y_gm=0,000 y_gb=0,000 gt_mode=F write=T | F_adh= 138321,0 slip=F sand=F
  22,58  k=  0 v=   0,00 rev=  0 | rpm= 800,0 Mo=      0,0 F=       0,0 | silat before=       0,0 want=       0,0 after=       0,0 | y_gt=0,000 y_gm=0,000 y_gb=0,000 gt_mode=F write=T | F_adh= 138321,0 slip=F sand=F
  22,69  k=  0 v=   0,00 rev=  0 | rpm= 800,0 Mo=      0,0 F=       0,0 | silat before=       0,0 want=       0,0 after=       0,0 | y_gt=0,000 y_gm=0,000 y_gb=0,000 gt_mode=F write=T | F_adh= 138321,0 slip=F sand=F
  22,80  k=  0 v=   0,00 rev=  0 | rpm= 800,0 Mo=      0,0 F=       0,0 | silat before=       0,0 want=       0,0 after=       0,0 | y_gt=0,000 y_gm=0,000 y_gb=0,000 gt_mode=F write=T | F_adh= 138321,0 slip=F sand=F
  22,91  k=  0 v=   0,00 rev=  0 | rpm= 800,0 Mo=      0,0 F=       0,0 | silat before=       0,0 want=       0,0 after=       0,0 | y_gt=0,000 y_gm=0,000 y_gb=0,000 gt_mode=F write=T | F_adh= 138321,0 slip=F sand=F
  23,02  k=  0 v=   0,00 rev=  0 | rpm= 800,0 Mo=      0,0 F=       0,0 | silat before=       0,0 want=       0,0 after=       0,0 | y_gt=0,000 y_gm=0,000 y_gb=0,000 gt_mode=F write=T | F_adh= 138321,0 slip=F sand=F
  23,13  k=  0 v=   0,00 rev=  0 | rpm= 800,0 Mo=      0,0 F=       0,0 | silat before=       0,0 want=       0,0 after=       0,0 | y_gt=0,000 y_gm=0,000 y_gb=0,000 gt_mode=F write=T | F_adh= 138321,0 slip=F sand=F
  23,23  k=  0 v=   0,00 rev=  0 | rpm= 800,0 Mo=      0,0 F=       0,0 | silat before=       0,0 want=       0,0 after=       0,0 | y_gt=0,000 y_gm=0,000 y_gb=0,000 gt_mode=F write=T | F_adh= 138321,0 slip=F sand=F
  23,34  k=  0 v=   0,00 rev=  0 | rpm= 800,0 Mo=      0,0 F=       0,0 | silat before=       0,0 want=       0,0 after=       0,0 | y_gt=0,000 y_gm=0,000 y_gb=0,000 gt_mode=F write=T | F_adh= 138321,0 slip=F sand=F
  23,45  k=  0 v=   0,00 rev=  0 | rpm= 800,0 Mo=      0,0 F=       0,0 | silat before=       0,0 want=       0,0 after=       0,0 | y_gt=0,000 y_gm=0,000 y_gb=0,000 gt_mode=F write=T | F_adh= 138321,0 slip=F sand=F
  23,56  k=  0 v=   0,00 rev=  0 | rpm= 800,0 Mo=      0,0 F=       0,0 | silat before=       0,0 want=       0,0 after=       0,0 | y_gt=0,000 y_gm=0,000 y_gb=0,000 gt_mode=F write=T | F_adh= 138321,0 slip=F sand=F
  23,67  k=  0 v=   0,00 rev=  0 | rpm= 800,0 Mo=      0,0 F=       0,0 | silat before=       0,0 want=       0,0 after=       0,0 | y_gt=0,000 y_gm=0,000 y_gb=0,000 gt_mode=F write=T | F_adh= 138321,0 slip=F sand=F
  23,78  k=  0 v=   0,00 rev=  0 | rpm= 800,0 Mo=      0,0 F=       0,0 | silat before=       0,0 want=       0,0 after=       0,0 | y_gt=0,000 y_gm=0,000 y_gb=0,000 gt_mode=F write=T | F_adh= 138321,0 slip=F sand=F
  23,89  k=  0 v=   0,00 rev=  0 | rpm= 800,0 Mo=      0,0 F=       0,0 | silat before=       0,0 want=       0,0 after=       0,0 | y_gt=0,000 y_gm=0,000 y_gb=0,000 gt_mode=F write=T | F_adh= 138321,0 slip=F sand=F
  24,00  k=  0 v=   0,00 rev=  0 | rpm= 800,0 Mo=      0,0 F=       0,0 | silat before=       0,0 want=       0,0 after=       0,0 | y_gt=0,000 y_gm=0,000 y_gb=0,000 gt_mode=F write=T | F_adh= 138321,0 slip=F sand=F
  24,11  k=  0 v=   0,00 rev=  0 | rpm= 800,0 Mo=      0,0 F=       0,0 | silat before=       0,0 want=       0,0 after=       0,0 | y_gt=0,000 y_gm=0,000 y_gb=0,000 gt_mode=F write=T | F_adh= 138321,0 slip=F sand=F
  24,22  k=  0 v=   0,00 rev=  0 | rpm= 800,0 Mo=      0,0 F=       0,0 | silat before=       0,0 want=       0,0 after=       0,0 | y_gt=0,000 y_gm=0,000 y_gb=0,000 gt_mode=F write=T | F_adh= 138321,0 slip=F sand=F
  24,33  k=  0 v=   0,00 rev=  0 | rpm= 800,0 Mo=      0,0 F=       0,0 | silat before=       0,0 want=       0,0 after=       0,0 | y_gt=0,000 y_gm=0,000 y_gb=0,000 gt_mode=F write=T | F_adh= 138321,0 slip=F sand=F
  24,44  k=  0 v=   0,00 rev=  0 | rpm= 800,0 Mo=      0,0 F=       0,0 | silat before=       0,0 want=       0,0 after=       0,0 | y_gt=0,000 y_gm=0,000 y_gb=0,000 gt_mode=F write=T | F_adh= 138321,0 slip=F sand=F
  24,55  k=  0 v=   0,00 rev=  0 | rpm= 800,0 Mo=      0,0 F=       0,0 | silat before=       0,0 want=       0,0 after=       0,0 | y_gt=0,000 y_gm=0,000 y_gb=0,000 gt_mode=F write=T | F_adh= 138321,0 slip=F sand=F
  24,66  k=  0 v=   0,00 rev=  0 | rpm= 800,0 Mo=      0,0 F=       0,0 | silat before=       0,0 want=       0,0 after=       0,0 | y_gt=0,000 y_gm=0,000 y_gb=0,000 gt_mode=F write=T | F_adh= 138321,0 slip=F sand=F
  24,77  k=  0 v=   0,00 rev=  0 | rpm= 800,0 Mo=      0,0 F=       0,0 | silat before=       0,0 want=       0,0 after=       0,0 | y_gt=0,000 y_gm=0,000 y_gb=0,000 gt_mode=F write=T | F_adh= 138321,0 slip=F sand=F
  24,88  k=  0 v=   0,00 rev=  0 | rpm= 800,0 Mo=      0,0 F=       0,0 | silat before=       0,0 want=       0,0 after=       0,0 | y_gt=0,000 y_gm=0,000 y_gb=0,000 gt_mode=F write=T | F_adh= 138321,0 slip=F sand=F
  24,98  k=  0 v=   0,00 rev=  0 | rpm= 800,0 Mo=      0,0 F=       0,0 | silat before=       0,0 want=       0,0 after=       0,0 | y_gt=0,000 y_gm=0,000 y_gb=0,000 gt_mode=F write=T | F_adh= 138321,0 slip=F sand=F
  25,09  k=  0 v=   0,00 rev=  0 | rpm= 800,0 Mo=      0,0 F=       0,0 | silat before=       0,0 want=       0,0 after=       0,0 | y_gt=0,000 y_gm=0,000 y_gb=0,000 gt_mode=F write=T | F_adh= 138321,0 slip=F sand=F
  25,20  k=  0 v=   0,00 rev=  0 | rpm= 800,0 Mo=      0,0 F=       0,0 | silat before=       0,0 want=       0,0 after=       0,0 | y_gt=0,000 y_gm=0,000 y_gb=0,000 gt_mode=F write=T | F_adh= 138321,0 slip=F sand=F
  25,31  k=  0 v=   0,00 rev=  0 | rpm= 800,0 Mo=      0,0 F=       0,0 | silat before=       0,0 want=       0,0 after=       0,0 | y_gt=0,000 y_gm=0,000 y_gb=0,000 gt_mode=F write=T | F_adh= 138321,0 slip=F sand=F
  25,42  k=  0 v=   0,00 rev=  0 | rpm= 800,0 Mo=      0,0 F=       0,0 | silat before=       0,0 want=       0,0 after=       0,0 | y_gt=0,000 y_gm=0,000 y_gb=0,000 gt_mode=F write=T | F_adh= 138321,0 slip=F sand=F
  25,53  k=  0 v=   0,00 rev=  0 | rpm= 800,0 Mo=      0,0 F=       0,0 | silat before=       0,0 want=       0,0 after=       0,0 | y_gt=0,000 y_gm=0,000 y_gb=0,000 gt_mode=F write=T | F_adh= 138321,0 slip=F sand=F
  25,64  k=  0 v=   0,00 rev=  0 | rpm= 800,0 Mo=      0,0 F=       0,0 | silat before=       0,0 want=       0,0 after=       0,0 | y_gt=0,000 y_gm=0,000 y_gb=0,000 gt_mode=F write=T | F_adh= 138321,0 slip=F sand=F
  25,75  k=  0 v=   0,00 rev=  0 | rpm= 800,0 Mo=      0,0 F=       0,0 | silat before=       0,0 want=       0,0 after=       0,0 | y_gt=0,000 y_gm=0,000 y_gb=0,000 gt_mode=F write=T | F_adh= 138321,0 slip=F sand=F
  25,86  k=  0 v=   0,00 rev=  0 | rpm= 800,0 Mo=      0,0 F=       0,0 | silat before=       0,0 want=       0,0 after=       0,0 | y_gt=0,000 y_gm=0,000 y_gb=0,000 gt_mode=F write=T | F_adh= 138321,0 slip=F sand=F
  26,00  k=  0 v=   0,00 rev=  0 | rpm= 800,0 Mo=      0,0 F=       0,0 | silat before=       0,0 want=       0,0 after=       0,0 | y_gt=0,000 y_gm=0,000 y_gb=0,000 gt_mode=F write=T | F_adh= 138321,0 slip=F sand=F
  26,11  k=  0 v=   0,00 rev=  0 | rpm= 800,0 Mo=      0,0 F=       0,0 | silat before=       0,0 want=       0,0 after=       0,0 | y_gt=0,000 y_gm=0,000 y_gb=0,000 gt_mode=F write=T | F_adh= 138321,0 slip=F sand=F
  26,22  k=  0 v=   0,00 rev=  0 | rpm= 800,0 Mo=      0,0 F=       0,0 | silat before=       0,0 want=       0,0 after=       0,0 | y_gt=0,000 y_gm=0,000 y_gb=0,000 gt_mode=F write=T | F_adh= 138321,0 slip=F sand=F
